Analyzing finanalyzer...

   info - lib\features\accounts\ui\accounts_list_screen.dart:58:31 - Unnecessary use of multiple underscores. Try using '_'. - unnecessary_underscores
   info - lib\features\accounts\ui\add_account_screen.dart:123:17 - 'value' is deprecated and shouldn't be used. Use initialValue instead. This will set the initial value for the form field. This feature was deprecated after v3.33.0-1.0.pre. Try replacing the use of the deprecated member with the replacement. - deprecated_member_use
   info - lib\features\categories\ui\add_category_screen.dart:163:41 - Unnecessary use of multiple underscores. Try using '_'. - unnecessary_underscores
   info - lib\features\records\ui\add_record_screen.dart:182:23 - 'value' is deprecated and shouldn't be used. Use initialValue instead. This will set the initial value for the form field. This feature was deprecated after v3.33.0-1.0.pre. Try replacing the use of the deprecated member with the replacement. - deprecated_member_use
   info - lib\features\records\ui\add_record_screen.dart:206:27 - Statements in an if should be enclosed in a block. Try wrapping the statement in a block. - curly_braces_in_flow_control_structures
   info - lib\features\records\ui\add_record_screen.dart:213:23 - 'value' is deprecated and shouldn't be used. Use initialValue instead. This will set the initial value for the form field. This feature was deprecated after v3.33.0-1.0.pre. Try replacing the use of the deprecated member with the replacement. - deprecated_member_use

6 issues found.
